******************************************************************************
               TMS320C6x Linker PC v7.3.4                      
******************************************************************************
>> Linked Fri Aug 31 12:34:58 2018

OUTPUT FILE NAME:   <newProject.out>
ENTRY POINT SYMBOL: "_c_int00"  address: 000010e0


MEMORY CONFIGURATION

         name            origin    length      used     unused   attr    fill
----------------------  --------  ---------  --------  --------  ----  --------
  RAM                   00000001   fffffffe  000016d8  ffffe926  RWIX


SECTION ALLOCATION MAP

 output                                  attributes/
section   page    origin      length       input sections
--------  ----  ----------  ----------   ----------------
.pinit     0    00000004    00000000     UNINITIALIZED

.data      0    00000008    00000000     UNINITIALIZED

.bss       0    00000008    00000000     UNINITIALIZED

.far       0    00000008    00000014     UNINITIALIZED
                  00000008    0000000c     rts6200.lib : exit.obj (.far)
                  00000014    00000008                 : _lock.obj (.far)

.text      0    00000020    00001220     
                  00000020    00000440     rts6200.lib : addf.obj (.text:__addf)
                  00000460    00000360     linearConv.obj (.text)
                  000007c0    00000260     rts6200.lib : mpyf.obj (.text:__mpyf)
                  00000a20    00000240                 : memcpy62.obj (.text:_memcpy)
                  00000c60    00000160                 : autoinit.obj (.text:__auto_init)
                  00000dc0    00000140                 : strasg.obj (.text:__strasgi)
                  00000f00    00000120                 : exit.obj (.text:_exit)
                  00001020    000000c0                 : cpy_tbl.obj (.text:_copy_in)
                  000010e0    00000080                 : boot.obj (.text:_c_int00)
                  00001160    00000060                 : frcmpyf.obj (.text:__frcmpyf)
                  000011c0    00000040                 : args_main.obj (.text:__args_main)
                  00001200    00000020                 : _lock.obj (.text:__nop)
                  00001220    00000020                 : exit.obj (.text:_abort)

.stack     0    00001240    00000400     UNINITIALIZED
                  00001240    00000008     rts6200.lib : boot.obj (.stack)
                  00001248    000003f8     --HOLE--

.cinit     0    00001640    00000054     
                  00001640    0000002c     rts6200.lib : exit.obj (.cinit)
                  0000166c    00000004     --HOLE-- [fill = 0]
                  00001670    0000001c                 : _lock.obj (.cinit)
                  0000168c    00000004     --HOLE-- [fill = 0]
                  00001690    00000004     (.pad.cinit) [fill = 0]

.const     0    00001698    00000050     
                  00001698    00000028     linearConv.obj (.const:_$P$T0$1)
                  000016c0    00000028     linearConv.obj (.const:_$P$T1$2)


GLOBAL SYMBOLS: SORTED ALPHABETICALLY BY Name 

address    name
--------   ----
00000008   $bss
00000008   .bss
00000008   .data
00000020   .text
00001220   C$$EXIT
00001640   __STACK_END
00000400   __STACK_SIZE
00000001   __TI_args_main
00000010   ___TI_enable_exit_profile_output
ffffffff   ___TI_pprof_out_hndl
ffffffff   ___TI_prof_data_size
ffffffff   ___TI_prof_data_start
ffffffff   ___binit__
00000008   ___bss__
ffffffff   ___c_args__
00001640   ___cinit__
00000008   ___data__
00000008   ___edata__
00000008   ___end__
00001240   ___etext__
ffffffff   ___pinit__
00000020   ___text__
00000020   __addf
000011c0   __args_main
00000c60   __auto_init
00000dc0   __c6xabi_strasgi
00000008   __cleanup_ptr
0000000c   __dtors_ptr
00001160   __frcmpyf
00000014   __lock
000007c0   __mpyf
00001200   __nop
00001240   __stack
00000dc0   __strasgi
00000018   __unlock
00001220   _abort
000010e0   _c_int00
00001020   _copy_in
00000f00   _exit
00000460   _main
00000a20   _memcpy
ffffffff   binit
00001640   cinit
00000008   edata
00000008   end
00001240   etext
ffffffff   pinit


GLOBAL SYMBOLS: SORTED BY Symbol Address 

address    name
--------   ----
00000001   __TI_args_main
00000008   $bss
00000008   .bss
00000008   .data
00000008   ___bss__
00000008   ___data__
00000008   ___edata__
00000008   ___end__
00000008   __cleanup_ptr
00000008   edata
00000008   end
0000000c   __dtors_ptr
00000010   ___TI_enable_exit_profile_output
00000014   __lock
00000018   __unlock
00000020   .text
00000020   ___text__
00000020   __addf
00000400   __STACK_SIZE
00000460   _main
000007c0   __mpyf
00000a20   _memcpy
00000c60   __auto_init
00000dc0   __c6xabi_strasgi
00000dc0   __strasgi
00000f00   _exit
00001020   _copy_in
000010e0   _c_int00
00001160   __frcmpyf
000011c0   __args_main
00001200   __nop
00001220   C$$EXIT
00001220   _abort
00001240   ___etext__
00001240   __stack
00001240   etext
00001640   __STACK_END
00001640   ___cinit__
00001640   cinit
ffffffff   ___TI_pprof_out_hndl
ffffffff   ___TI_prof_data_size
ffffffff   ___TI_prof_data_start
ffffffff   ___binit__
ffffffff   ___c_args__
ffffffff   ___pinit__
ffffffff   binit
ffffffff   pinit

[47 symbols]
